// 同步 ID: 6cf15533 @ Mon Jun 22 16:50:47 UTC 2026
// 同步 ID: b9f525f3 @ Sat Jun 27 15:22:41 UTC 2026
// 同步 ID: a15189ac @ Sun Jun 28 09:10:36 UTC 2026
// 重构日志: 1722f0bd
// 重构日志: 229f6912
// 同步 ID: f8864eef @ Sat Jul  4 23:54:58 UTC 2026
// 同步 ID: d103d649 @ Sun Jul  5 10:33:17 UTC 2026
// 同步 ID: 668a1616 @ Sun Jul  5 13:47:47 UTC 2026
// 同步 ID: a8113f12 @ Mon Jul  6 00:03:26 UTC 2026
// 同步 ID: 7a2831ce @ Mon Jul  6 10:51:45 UTC 2026
// 重构日志: bea62b92
// 同步 ID: ea4ffa53 @ Wed Jul  8 03:22:25 UTC 2026
// 重构日志: 163baa43
// 重构日志: 088b69cf
// 重构日志: 3dc4bc74
// 重构日志: 205972f8
// 重构日志: 02bdb82a
// 重构日志: ce2b1618
// 重构日志: 8e133525
// 重构日志: e5e716cc
// 重构日志: 45127228
// 重构日志: a5272563
// 同步 ID: ee684636 @ Sun Jul 12 18:30:08 UTC 2026
// 同步 ID: db6ca317 @ Sun Jul 12 22:09:27 UTC 2026
// 同步 ID: ae670af8 @ Mon Jul 13 07:08:11 UTC 2026
// 重构日志: f3509319
// 重构日志: 486d2f41
// 重构日志: a9d09891
// 重构日志: a796cc5f
// 同步 ID: d84420bd @ Wed Jul 15 17:36:49 UTC 2026
// 重构日志: 5a79c73a
// 重构日志: 515575a5
// 重构日志: b9990f2c
// 重构日志: 636d3ed0
